ARM Linker, 5.02 [Build 28] [MDK-ARM Lite]

==============================================================================

Section Cross References

    startup.o(STACK) refers (Special) to heapauxi.o(.text) for __use_two_region_memory
    startup.o(HEAP) refers (Special) to heapauxi.o(.text) for __use_two_region_memory
    startup.o(RESET) refers (Special) to heapauxi.o(.text) for __use_two_region_memory
    startup.o(RESET) refers to portasm.o(PORT_ASM) for vPortYieldProcessor
    startup.o(RESET) refers to startup.o(STACK) for Stack_Top
    startup.o(RESET) refers to __main.o(!!!main) for __main
    startup.o(.text) refers (Special) to heapauxi.o(.text) for __use_two_region_memory
    startup.o(.text) refers to startup.o(HEAP) for Heap_Mem
    startup.o(.text) refers to startup.o(STACK) for Stack_Mem
    queue.o(.text) refers to port.o(.text) for vPortEnterCritical
    queue.o(.text) refers to tasks.o(.text) for xTaskRemoveFromEventList
    queue.o(.text) refers to portasm.o(PORT_ASM) for vPortYield
    queue.o(.text) refers to list.o(.text) for vListInitialise
    queue.o(.text) refers to heap_2.o(.text) for pvPortMalloc
    queue.o(.text) refers to rt_memcpy.o(.text) for __aeabi_memcpy
    tasks.o(.text) refers to list.o(.text) for vListInitialise
    tasks.o(.text) refers to port.o(.text) for vPortEnterCritical
    tasks.o(.text) refers to portasm.o(PORT_ASM) for vPortYield
    tasks.o(.text) refers to aeabi_memset.o(.text) for __aeabi_memset
    tasks.o(.text) refers to heap_2.o(.text) for pvPortMalloc
    tasks.o(.text) refers to tasks.o(.bss) for pxReadyTasksLists
    tasks.o(.text) refers to tasks.o(.data) for pxDelayedTaskList
    port.o(.text) refers to portasm.o(PORT_ASM) for vPortStartFirstTask
    port.o(.text) refers to port.o(.data) for ulCriticalNesting
    portasm.o(PORT_ASM) refers to tasks.o(.data) for pxCurrentTCB
    portasm.o(PORT_ASM) refers to port.o(.data) for ulCriticalNesting
    portasm.o(PORT_ASM) refers to tasks.o(.text) for vTaskSwitchContext
    heap_2.o(.text) refers to tasks.o(.text) for vTaskSuspendAll
    heap_2.o(.text) refers to heap_2.o(.bss) for ucHeap
    heap_2.o(.text) refers to heap_2.o(.data) for xStart
    main.o(.text) refers to tasks.o(.text) for xTaskGetTickCount
    main.o(.text) refers to aeabi_sdiv.o(.text_udiv) for __aeabi_uidivmod
    main.o(.text) refers to queue.o(.text) for xQueueGenericCreate
    main.o(.text) refers to main.o(.data) for toggle
    rt_memcpy.o(.text) refers to rt_memcpy_w.o(.text) for __aeabi_memcpy4
    aeabi_memset.o(.text) refers to rt_memclr.o(.text) for _memset
    aeabi_sdiv.o(.text_udiv) refers to aeabi_sdiv.o(.text) for __arm_div2
    aeabi_sdiv_div0.o(.text_udiv) refers to aeabi_sdiv_div0.o(.text) for __arm_div2
    __main.o(!!!main) refers to rtentry.o(.ARM.Collect$$rtentry$$00000000) for __rt_entry
    rtentry.o(.ARM.Collect$$rtentry$$00000000) refers (Special) to rtentry2.o(.ARM.Collect$$rtentry$$0000000A) for __rt_entry_li
    rtentry.o(.ARM.Collect$$rtentry$$00000000) refers (Special) to rtentry2.o(.ARM.Collect$$rtentry$$0000000D) for __rt_entry_main
    rtentry.o(.ARM.Collect$$rtentry$$00000000) refers (Special) to rtentry2.o(.ARM.Collect$$rtentry$$0000000C) for __rt_entry_postli_1
    rtentry.o(.ARM.Collect$$rtentry$$00000000) refers (Special) to rtentry2.o(.ARM.Collect$$rtentry$$00000009) for __rt_entry_postsh_1
    rtentry.o(.ARM.Collect$$rtentry$$00000000) refers (Special) to rtentry2.o(.ARM.Collect$$rtentry$$00000002) for __rt_entry_presh_1
    rtentry.o(.ARM.Collect$$rtentry$$00000000) refers (Special) to rtentry4.o(.ARM.Collect$$rtentry$$00000004) for __rt_entry_sh
    aeabi_idiv0_sigfpe.o(.text) refers to rt_div0.o(.text) for __rt_div0
    rt_memclr.o(.text) refers to rt_memclr_w.o(.text) for _memset_w
    rtentry2.o(.ARM.Collect$$rtentry$$00000008) refers to boardinit2.o(.text) for _platform_post_stackheap_init
    rtentry2.o(.ARM.Collect$$rtentry$$0000000A) refers to libinit.o(.ARM.Collect$$libinit$$00000000) for __rt_lib_init
    rtentry2.o(.ARM.Collect$$rtentry$$0000000B) refers to boardinit3.o(.text) for _platform_post_lib_init
    rtentry2.o(.ARM.Collect$$rtentry$$0000000D) refers to exit.o(.text) for exit
    rtentry2.o(.ARM.Collect$$rtentry$$0000000D) refers to main.o(.text) for main
    rtentry2.o(.ARM.exidx) refers to rtentry2.o(.ARM.Collect$$rtentry$$00000001) for .ARM.Collect$$rtentry$$00000001
    rtentry2.o(.ARM.exidx) refers to rtentry2.o(.ARM.Collect$$rtentry$$00000008) for .ARM.Collect$$rtentry$$00000008
    rtentry2.o(.ARM.exidx) refers to rtentry2.o(.ARM.Collect$$rtentry$$0000000A) for .ARM.Collect$$rtentry$$0000000A
    rtentry2.o(.ARM.exidx) refers to rtentry2.o(.ARM.Collect$$rtentry$$0000000B) for .ARM.Collect$$rtentry$$0000000B
    rtentry2.o(.ARM.exidx) refers to rtentry2.o(.ARM.Collect$$rtentry$$0000000D) for .ARM.Collect$$rtentry$$0000000D
    rtentry4.o(.ARM.Collect$$rtentry$$00000004) refers to sys_stackheap_outer.o(.text) for __user_setup_stackheap
    rtentry4.o(.ARM.exidx) refers to rtentry4.o(.ARM.Collect$$rtentry$$00000004) for .ARM.Collect$$rtentry$$00000004
    rt_div0.o(.text) refers to defsig_fpe_outer.o(.text) for __rt_SIGFPE
    sys_stackheap_outer.o(.text) refers to libspace.o(.text) for __user_perproc_libspace
    sys_stackheap_outer.o(.text) refers to startup.o(.text) for __user_initial_stackheap
    exit.o(.text) refers to rtexit.o(.ARM.Collect$$rtexit$$00000000) for __rt_exit
    defsig_fpe_outer.o(.text) refers to defsig_fpe_inner.o(.text) for __rt_SIGFPE_inner
    defsig_fpe_outer.o(.text) refers to defsig_exit.o(.text) for __sig_exit
    defsig_fpe_formal.o(.text) refers to rt_raise.o(.text) for __rt_raise
    libinit.o(.ARM.Collect$$libinit$$00000000) refers (Special) to libinit2.o(.ARM.Collect$$libinit$$0000002C) for __rt_lib_init_alloca_1
    libinit.o(.ARM.Collect$$libinit$$00000000) refers (Special) to libinit2.o(.ARM.Collect$$libinit$$0000002A) for __rt_lib_init_argv_1
    libinit.o(.ARM.Collect$$libinit$$00000000) refers (Special) to libinit2.o(.ARM.Collect$$libinit$$00000019) for __rt_lib_init_atexit_1
    libinit.o(.ARM.Collect$$libinit$$00000000) refers (Special) to libinit2.o(.ARM.Collect$$libinit$$0000001F) for __rt_lib_init_clock_1
    libinit.o(.ARM.Collect$$libinit$$00000000) refers (Special) to libinit2.o(.ARM.Collect$$libinit$$00000030) for __rt_lib_init_cpp_1
    libinit.o(.ARM.Collect$$libinit$$00000000) refers (Special) to libinit2.o(.ARM.Collect$$libinit$$0000002E) for __rt_lib_init_exceptions_1
    libinit.o(.ARM.Collect$$libinit$$00000000) refers (Special) to libinit2.o(.ARM.Collect$$libinit$$00000002) for __rt_lib_init_fp_1
    libinit.o(.ARM.Collect$$libinit$$00000000) refers (Special) to libinit2.o(.ARM.Collect$$libinit$$0000001D) for __rt_lib_init_fp_trap_1
    libinit.o(.ARM.Collect$$libinit$$00000000) refers (Special) to libinit2.o(.ARM.Collect$$libinit$$00000021) for __rt_lib_init_getenv_1
    libinit.o(.ARM.Collect$$libinit$$00000000) refers (Special) to libinit2.o(.ARM.Collect$$libinit$$00000008) for __rt_lib_init_heap_1
    libinit.o(.ARM.Collect$$libinit$$00000000) refers (Special) to libinit2.o(.ARM.Collect$$libinit$$0000000F) for __rt_lib_init_lc_collate_1
    libinit.o(.ARM.Collect$$libinit$$00000000) refers (Special) to libinit2.o(.ARM.Collect$$libinit$$00000011) for __rt_lib_init_lc_ctype_1
    libinit.o(.ARM.Collect$$libinit$$00000000) refers (Special) to libinit2.o(.ARM.Collect$$libinit$$00000013) for __rt_lib_init_lc_monetary_1
    libinit.o(.ARM.Collect$$libinit$$00000000) refers (Special) to libinit2.o(.ARM.Collect$$libinit$$00000015) for __rt_lib_init_lc_numeric_1
    libinit.o(.ARM.Collect$$libinit$$00000000) refers (Special) to libinit2.o(.ARM.Collect$$libinit$$00000017) for __rt_lib_init_lc_time_1
    libinit.o(.ARM.Collect$$libinit$$00000000) refers (Special) to libinit2.o(.ARM.Collect$$libinit$$0000000C) for __rt_lib_init_rand_1
    libinit.o(.ARM.Collect$$libinit$$00000000) refers (Special) to libinit2.o(.ARM.Collect$$libinit$$00000031) for __rt_lib_init_return
    libinit.o(.ARM.Collect$$libinit$$00000000) refers (Special) to libinit2.o(.ARM.Collect$$libinit$$0000001B) for __rt_lib_init_signal_1
    libinit.o(.ARM.Collect$$libinit$$00000000) refers (Special) to libinit2.o(.ARM.Collect$$libinit$$00000023) for __rt_lib_init_stdio_1
    libinit.o(.ARM.Collect$$libinit$$00000000) refers (Special) to libinit2.o(.ARM.Collect$$libinit$$0000000A) for __rt_lib_init_user_alloc_1
    libspace.o(.text) refers to libspace.o(.bss) for __libspace_start
    rtexit.o(.ARM.Collect$$rtexit$$00000000) refers (Special) to rtexit2.o(.ARM.Collect$$rtexit$$00000004) for __rt_exit_exit
    rtexit.o(.ARM.Collect$$rtexit$$00000000) refers (Special) to rtexit2.o(.ARM.Collect$$rtexit$$00000003) for __rt_exit_ls
    rtexit.o(.ARM.Collect$$rtexit$$00000000) refers (Special) to rtexit2.o(.ARM.Collect$$rtexit$$00000002) for __rt_exit_prels_1
    rtexit.o(.ARM.exidx) refers (Special) to rtexit2.o(.ARM.Collect$$rtexit$$00000004) for __rt_exit_exit
    rtexit.o(.ARM.exidx) refers (Special) to rtexit2.o(.ARM.Collect$$rtexit$$00000003) for __rt_exit_ls
    rtexit.o(.ARM.exidx) refers (Special) to rtexit2.o(.ARM.Collect$$rtexit$$00000002) for __rt_exit_prels_1
    rtexit.o(.ARM.exidx) refers to rtexit.o(.ARM.Collect$$rtexit$$00000000) for .ARM.Collect$$rtexit$$00000000
    rt_raise.o(.text) refers to __raise.o(.text) for __raise
    rt_raise.o(.text) refers to sys_exit.o(.text) for _sys_exit
    defsig_exit.o(.text) refers to sys_exit.o(.text) for _sys_exit
    defsig_fpe_inner.o(.text) refers to defsig_general.o(.text) for __default_signal_display
    libinit2.o(.ARM.Collect$$libinit$$00000001) refers to fpinit.o(x$fpl$fpinit) for _fp_init
    libinit2.o(.ARM.Collect$$libinit$$0000000E) refers to libinit2.o(.ARM.Collect$$libinit$$0000000D) for .ARM.Collect$$libinit$$0000000D
    libinit2.o(.ARM.Collect$$libinit$$00000010) refers to libinit2.o(.ARM.Collect$$libinit$$0000000D) for .ARM.Collect$$libinit$$0000000D
    libinit2.o(.ARM.Collect$$libinit$$00000012) refers to libinit2.o(.ARM.Collect$$libinit$$0000000D) for .ARM.Collect$$libinit$$0000000D
    libinit2.o(.ARM.Collect$$libinit$$00000014) refers to libinit2.o(.ARM.Collect$$libinit$$0000000D) for .ARM.Collect$$libinit$$0000000D
    libinit2.o(.ARM.Collect$$libinit$$00000016) refers to libinit2.o(.ARM.Collect$$libinit$$0000000D) for .ARM.Collect$$libinit$$0000000D
    libinit2.o(.ARM.Collect$$libinit$$00000024) refers to argv_veneer.o(.emb_text) for __ARM_argv_veneer
    libinit2.o(.ARM.Collect$$libinit$$00000025) refers to argv_veneer.o(.emb_text) for __ARM_argv_veneer
    sys_exit.o(.text) refers (Special) to use_no_semi.o(.text) for __I$use$semihosting
    sys_exit.o(.text) refers (Special) to indicate_semi.o(.text) for __semihosting_library_function
    rtexit2.o(.ARM.Collect$$rtexit$$00000003) refers to libshutdown.o(.ARM.Collect$$libshutdown$$00000000) for __rt_lib_shutdown
    rtexit2.o(.ARM.Collect$$rtexit$$00000004) refers to sys_exit.o(.text) for _sys_exit
    rtexit2.o(.ARM.exidx) refers to rtexit2.o(.ARM.Collect$$rtexit$$00000001) for .ARM.Collect$$rtexit$$00000001
    rtexit2.o(.ARM.exidx) refers to rtexit2.o(.ARM.Collect$$rtexit$$00000003) for .ARM.Collect$$rtexit$$00000003
    rtexit2.o(.ARM.exidx) refers to rtexit2.o(.ARM.Collect$$rtexit$$00000004) for .ARM.Collect$$rtexit$$00000004
    __raise.o(.text) refers to __raise.o(i.__ARM_common_call_via_r2) for __ARM_common_call_via_r2
    __raise.o(.text) refers to defsig.o(CL$$defsig) for __default_signal_handler
    defsig_general.o(.text) refers to sys_wrch.o(.text) for _ttywrch
    argv_veneer.o(.emb_text) refers to no_argv.o(.text) for __ARM_get_argv
    sys_wrch.o(.text) refers (Special) to use_no_semi.o(.text) for __I$use$semihosting
    sys_wrch.o(.text) refers (Special) to indicate_semi.o(.text) for __semihosting_library_function
    defsig.o(CL$$defsig) refers to defsig_fpe_inner.o(.text) for __rt_SIGFPE_inner
    defsig.o(CL$$defsig) refers to defsig_rtmem_inner.o(.text) for __rt_SIGRTMEM_inner
    _get_argv_nomalloc.o(.text) refers (Special) to hrguard.o(.text) for __heap_region$guard
    _get_argv_nomalloc.o(.text) refers to defsig_rtmem_outer.o(.text) for __rt_SIGRTMEM
    _get_argv_nomalloc.o(.text) refers to sys_command.o(.text) for _sys_command_string
    libshutdown.o(.ARM.Collect$$libshutdown$$00000000) refers (Special) to libshutdown2.o(.ARM.Collect$$libshutdown$$00000006) for __rt_lib_shutdown_fp_trap_1
    libshutdown.o(.ARM.Collect$$libshutdown$$00000000) refers (Special) to libshutdown2.o(.ARM.Collect$$libshutdown$$0000000E) for __rt_lib_shutdown_heap_1
    libshutdown.o(.ARM.Collect$$libshutdown$$00000000) refers (Special) to libshutdown2.o(.ARM.Collect$$libshutdown$$0000000F) for __rt_lib_shutdown_return
    libshutdown.o(.ARM.Collect$$libshutdown$$00000000) refers (Special) to libshutdown2.o(.ARM.Collect$$libshutdown$$00000009) for __rt_lib_shutdown_signal_1
    libshutdown.o(.ARM.Collect$$libshutdown$$00000000) refers (Special) to libshutdown2.o(.ARM.Collect$$libshutdown$$00000003) for __rt_lib_shutdown_stdio_1
    libshutdown.o(.ARM.Collect$$libshutdown$$00000000) refers (Special) to libshutdown2.o(.ARM.Collect$$libshutdown$$0000000B) for __rt_lib_shutdown_user_alloc_1
    sys_command.o(.text) refers (Special) to use_no_semi.o(.text) for __I$use$semihosting
    sys_command.o(.text) refers (Special) to indicate_semi.o(.text) for __semihosting_library_function
    defsig_abrt_inner.o(.text) refers to defsig_general.o(.text) for __default_signal_display
    defsig_rtred_inner.o(.text) refers to defsig_general.o(.text) for __default_signal_display
    defsig_rtmem_inner.o(.text) refers to defsig_general.o(.text) for __default_signal_display
    defsig_rtmem_outer.o(.text) refers to defsig_rtmem_inner.o(.text) for __rt_SIGRTMEM_inner
    defsig_rtmem_outer.o(.text) refers to defsig_exit.o(.text) for __sig_exit
    defsig_rtmem_formal.o(.text) refers to rt_raise.o(.text) for __rt_raise
    defsig_stak_inner.o(.text) refers to defsig_general.o(.text) for __default_signal_display
    defsig_pvfn_inner.o(.text) refers to defsig_general.o(.text) for __default_signal_display
    defsig_cppl_inner.o(.text) refers to defsig_general.o(.text) for __default_signal_display
    defsig_segv_inner.o(.text) refers to defsig_general.o(.text) for __default_signal_display
    defsig_other.o(.text) refers to defsig_general.o(.text) for __default_signal_display


==============================================================================

Memory Map of the image

  Image Entry point : 0x00000000

  Load Region LR_IROM1 (Base: 0x00000000, Size: 0x0000369c, Max: 0x00080000, ABSOLUTE)

    Execution Region ER_IROM1 (Base: 0x00000000, Size: 0x000035c0, Max: 0x00080000, ABSOLUTE)

    Base Addr    Size         Type   Attr      Idx    E Section Name        Object

    0x00000000   0x00000104   Code   RO            3    RESET               startup.o
    0x00000104   0x00000008   Code   RO          187  * !!!main             c_t.l(__main.o)
    0x0000010c   0x00000002   Code   RO          230    .ARM.Collect$$libinit$$00000000  c_t.l(libinit.o)
    0x0000010e   0x00000000   Code   RO          243    .ARM.Collect$$libinit$$00000002  c_t.l(libinit2.o)
    0x0000010e   0x00000000   Code   RO          246    .ARM.Collect$$libinit$$00000008  c_t.l(libinit2.o)
    0x0000010e   0x00000000   Code   RO          248    .ARM.Collect$$libinit$$0000000A  c_t.l(libinit2.o)
    0x0000010e   0x00000000   Code   RO          250    .ARM.Collect$$libinit$$0000000C  c_t.l(libinit2.o)
    0x0000010e   0x00000000   Code   RO          253    .ARM.Collect$$libinit$$0000000F  c_t.l(libinit2.o)
    0x0000010e   0x00000000   Code   RO          255    .ARM.Collect$$libinit$$00000011  c_t.l(libinit2.o)
    0x0000010e   0x00000000   Code   RO          257    .ARM.Collect$$libinit$$00000013  c_t.l(libinit2.o)
    0x0000010e   0x00000000   Code   RO          259    .ARM.Collect$$libinit$$00000015  c_t.l(libinit2.o)
    0x0000010e   0x00000000   Code   RO          261    .ARM.Collect$$libinit$$00000017  c_t.l(libinit2.o)
    0x0000010e   0x00000000   Code   RO          263    .ARM.Collect$$libinit$$00000019  c_t.l(libinit2.o)
    0x0000010e   0x00000000   Code   RO          265    .ARM.Collect$$libinit$$0000001B  c_t.l(libinit2.o)
    0x0000010e   0x00000000   Code   RO          267    .ARM.Collect$$libinit$$0000001D  c_t.l(libinit2.o)
    0x0000010e   0x00000000   Code   RO          269    .ARM.Collect$$libinit$$0000001F  c_t.l(libinit2.o)
    0x0000010e   0x00000000   Code   RO          271    .ARM.Collect$$libinit$$00000021  c_t.l(libinit2.o)
    0x0000010e   0x00000000   Code   RO          273    .ARM.Collect$$libinit$$00000023  c_t.l(libinit2.o)
    0x0000010e   0x00000000   Code   RO          277    .ARM.Collect$$libinit$$0000002A  c_t.l(libinit2.o)
    0x0000010e   0x00000000   Code   RO          279    .ARM.Collect$$libinit$$0000002C  c_t.l(libinit2.o)
    0x0000010e   0x00000000   Code   RO          281    .ARM.Collect$$libinit$$0000002E  c_t.l(libinit2.o)
    0x0000010e   0x00000000   Code   RO          283    .ARM.Collect$$libinit$$00000030  c_t.l(libinit2.o)
    0x0000010e   0x0000000c   Code   RO          284    .ARM.Collect$$libinit$$00000031  c_t.l(libinit2.o)
    0x0000011a   0x00000004   Code   RO          317    .ARM.Collect$$libshutdown$$00000000  c_t.l(libshutdown.o)
    0x0000011e   0x00000000   Code   RO          344    .ARM.Collect$$libshutdown$$00000003  c_t.l(libshutdown2.o)
    0x0000011e   0x00000000   Code   RO          347    .ARM.Collect$$libshutdown$$00000006  c_t.l(libshutdown2.o)
    0x0000011e   0x00000000   Code   RO          350    .ARM.Collect$$libshutdown$$00000009  c_t.l(libshutdown2.o)
    0x0000011e   0x00000000   Code   RO          352    .ARM.Collect$$libshutdown$$0000000B  c_t.l(libshutdown2.o)
    0x0000011e   0x00000000   Code   RO          355    .ARM.Collect$$libshutdown$$0000000E  c_t.l(libshutdown2.o)
    0x0000011e   0x00000006   Code   RO          356    .ARM.Collect$$libshutdown$$0000000F  c_t.l(libshutdown2.o)
    0x00000124   0x00000000   Code   RO          189    .ARM.Collect$$rtentry$$00000000  c_t.l(rtentry.o)
    0x00000124   0x00000000   Code   RO          199    .ARM.Collect$$rtentry$$00000002  c_t.l(rtentry2.o)
    0x00000124   0x00000008   Code   RO          211    .ARM.Collect$$rtentry$$00000004  c_t.l(rtentry4.o)
    0x0000012c   0x00000000   Code   RO          201    .ARM.Collect$$rtentry$$00000009  c_t.l(rtentry2.o)
    0x0000012c   0x00000004   Code   RO          202    .ARM.Collect$$rtentry$$0000000A  c_t.l(rtentry2.o)
    0x00000130   0x00000000   Code   RO          204    .ARM.Collect$$rtentry$$0000000C  c_t.l(rtentry2.o)
    0x00000130   0x00000028   Code   RO          205    .ARM.Collect$$rtentry$$0000000D  c_t.l(rtentry2.o)
    0x00000158   0x00000004   Code   RO          234    .ARM.Collect$$rtexit$$00000000  c_t.l(rtexit.o)
    0x0000015c   0x00000000   Code   RO          288    .ARM.Collect$$rtexit$$00000002  c_t.l(rtexit2.o)
    0x0000015c   0x00000004   Code   RO          289    .ARM.Collect$$rtexit$$00000003  c_t.l(rtexit2.o)
    0x00000160   0x00000008   Code   RO          290    .ARM.Collect$$rtexit$$00000004  c_t.l(rtexit2.o)
    0x00000168   0x00000020   Code   RO            4    .text               startup.o
    0x00000188   0x00000114   Code   RO           63    .text               list.o
    0x0000029c   0x00000a88   Code   RO           75    .text               queue.o
    0x00000d24   0x00001c10   Code   RO           90    .text               tasks.o
    0x00002934   0x000001f8   Code   RO          109    .text               port.o
    0x00002b2c   0x0000020c   Code   RO          127    .text               heap_2.o
    0x00002d38   0x000002ec   Code   RO          142    .text               main.o
    0x00003024   0x000000d4   Code   RO          165    .text               c_t.l(rt_memcpy.o)
    0x000030f8   0x00000010   Code   RO          167    .text               c_t.l(aeabi_memset.o)
    0x00003108   0x00000180   Code   RO          169    .text               c_t.l(aeabi_sdiv.o)
    0x00003288   0x00000006   Code   RO          185    .text               c_t.l(heapauxi.o)
    0x0000328e   0x00000002   PAD
    0x00003290   0x00000064   Code   RO          194    .text               c_t.l(rt_memcpy_w.o)
    0x000032f4   0x00000040   Code   RO          196    .text               c_t.l(rt_memclr.o)
    0x00003334   0x00000054   Code   RO          215    .text               c_t.l(rt_memclr_w.o)
    0x00003388   0x00000060   Code   RO          217    .text               c_t.l(sys_stackheap_outer.o)
    0x000033e8   0x0000000c   Code   RO          219    .text               c_t.l(exit.o)
    0x000033f4   0x0000000c   Code   RO          231    .text               c_t.l(libspace.o)
    0x00003400   0x0000000c   Code   RO          285    .text               c_t.l(sys_exit.o)
    0x0000340c   0x00000004   Code   RO          306    .text               c_t.l(use_no_semi.o)
    0x00003410   0x00000000   Code   RO          308    .text               c_t.l(indicate_semi.o)
    0x00003410   0x00000024   Code   RO          170    .text_udiv          c_t.l(aeabi_sdiv.o)
    0x00003434   0x0000018c   Code   RO          124    PORT_ASM            portasm.o
    0x000035c0   0x00000000   Data   RO          357    Region$$Table       anon$$obj.o


    Execution Region RW_IRAM1 (Base: 0x40000000, Size: 0x00004810, Max: 0x00008000, ABSOLUTE)

    Base Addr    Size         Type   Attr      Idx    E Section Name        Object

    0x40000000   0x0000003c   Data   RW           92    .data               tasks.o
    0x4000003c   0x00000004   Data   RW          110    .data               port.o
    0x40000040   0x00000018   Data   RW          129    .data               heap_2.o
    0x40000058   0x00000084   Data   RW          143    .data               main.o
    0x400000dc   0x000000b4   Zero   RW           91    .bss                tasks.o
    0x40000190   0x00004000   Zero   RW          128    .bss                heap_2.o
    0x40004190   0x00000060   Zero   RW          232    .bss                c_t.l(libspace.o)
    0x400041f0   0x00000000   Zero   RW            2    HEAP                startup.o
    0x400041f0   0x00000620   Zero   RW            1    STACK               startup.o

