<html>
<body>
<pre>
<h1>µVision Build Log</h1>
<h2>Tool Versions:</h2>
IDE-Version: µVision V5.20.0.39
Copyright (C) 2016 ARM Ltd and ARM Germany GmbH. All rights reserved.
License Information: lk k;, ;lm, LIC=----
 
Tool Versions:
Toolchain:       MDK-Lite  Version: 5.23
Toolchain Path:  C:\Keil_v5\ARM\ARMCC\Bin
C Compiler:      Armcc.exe V5.06 update 4 (build 422)
Assembler:       Armasm.exe V5.06 update 4 (build 422)
Linker/Locator:  ArmLink.exe V5.06 update 4 (build 422)
Library Manager: ArmAr.exe V5.06 update 4 (build 422)
Hex Converter:   FromElf.exe V5.06 update 4 (build 422)
CPU DLL:         SARM.DLL V5.23
Dialog DLL:      DARMP.DLL V1.53.0.0
Target DLL:      UL2ARM.DLL V1.74.10.0
Dialog DLL:      TARMP.DLL V1.53.0.0
 
<h2>Project:</h2>
F:\controllers\arm\led\ledblink.uvproj
Project File Date:  04/12/2017

<h2>Output:</h2>
*** Using Compiler 'V5.06 update 4 (build 422)', folder: 'C:\Keil_v5\ARM\ARMCC\Bin'
Build target 'Target 1'
compiling ledblink.c...
ledblink.c(28): warning:  #111-D: statement is unreachable
  return 0;
ledblink.c(37): warning:  #1-D: last line of file ends without a newline
  }
ledblink.c: 2 warnings, 0 errors
linking...
Program Size: Code=1104 RO-data=32 RW-data=8 ZI-data=1256  
FromELF: creating hex file...
".\Objects\ledblink.axf" - 0 Error(s), 2 Warning(s).
Build Time Elapsed:  00:00:05
</pre>
</body>
</html>
